並,并
丼,井
亂,乱
亙,亘
亞,亚
伝,传
佇,伫
併,并
來,来
侖,仑
侶,侣
係,系
倆,俩
倉,仓
個,个
們,们
倖,幸
倣,仿
倫,伦
偉,伟
側,侧
偵,侦
偽,伪
傑,杰
傘,伞
備,备
傚,效
傭,佣
傳,传
傴,伛
債,债
傷,伤
傾,倾
僂,偻
僅,仅
僉,佥
僊,仙
僑,侨
僕,仆
僣,僭
僥,侥
價,价
儀,仪
儂,侬
億,亿
儉,俭
儔,俦
儕,侪
儘,尽
償,偿
優,优
儲,储
儷,俪
儺,傩
儻,傥
儼,俨
兇,凶
兌,兑
兒,儿
兩,两
冊,册
冑,胄
冪,幂
凅,涸
凍,冻
凜,凛
凱,凯
別,别
刪,删
剄,刭
則,则
剋,克
剛,刚
剴,剀
創,创
劃,划
劇,剧
劉,刘
劍,剑
劑,剂
勁,劲
動,动
勗,勖
務,务
勝,胜
勞,劳
勢,势
勣,绩
勦,剿
勳,勋
勵,励
勸,劝
匯,汇
匱,匮
區,区
卍,万
協,协
卻,却
厖,庞
厭,厌
參,参
叡,睿
叢,丛
吋,寸
吶,呐
呂,吕
咥,嘻
咼,呙
員,员
唄,呗
唸,念
唹,唷
問,问
啗,啖
啣,衔
喚,唤
喪,丧
喫,吃
喬,乔
單,单
嗇,啬
嗚,呜
嘆,叹
嘔,呕
嘖,啧
嘗,尝
嘩,哗
嘯,啸
嘸,呒
噴,喷
噸,吨
嚀,咛
嚇,吓
嚥,咽
嚮,向
嚴,严
嚶,嘤
囀,啭
囁,嗫
囂,嚣
囈,呓
囑,嘱
囓,啮
囮,谔
國,国
圍,围
園,园
圓,圆
圖,图
團,团
埜,野
執,执
埼,崎
堅,坚
堊,垩
堝,埚
堯,尧
報,报
場,场
塊,块
塋,茔
塒,埘
塗,涂
塚,冢
塢,坞
塵,尘
塹,堑
墜,坠
墫,樽
墮,堕
墳,坟
墾,垦
壇,坛
壓,压
壘,垒
壙,圹
壞,坏
壟,垄
壯,壮
壺,壶
壽,寿
夢,梦
夾,夹
奐,奂
奧,奥
奩,奁
奪,夺
奮,奋
妝,妆
姦,奸
姪,侄
婁,娄
婦,妇
婬,淫
媼,媪
媽,妈
嫗,妪
嫻,娴
嬋,婵
嬌,娇
嬪,嫔
嬰,婴
嬾,懒
孃,娘
孫,孙
學,学
宮,宫
寔,实
寢,寝
實,实
寧,宁
審,审
寫,写
寵,宠
寶,宝
將,将
專,专
尋,寻
對,对
導,导
尨,龙
屆,届
屍,尸
層,层
屬,属
岡,冈
島,岛
峽,峡
崋,华
崑,昆
崗,岗
崙,仑
崢,峥
嵐,岚
嶄,崭
嶇,岖
嶺,岭
嶼,屿
嶽,岳
巉,崭
巒,峦
巖,岩
帥,帅
師,师
帳,帐
帶,带
幀,帧
幃,帏
幗,帼
幟,帜
幣,币
幵,开
幹,干
幾,几
庫,库
廁,厕
廂,厢
廈,厦
廚,厨
廝,厮
廟,庙
廠,厂
廡,庑
廢,废
廣,广
廩,廪
廬,庐
廳,厅
弔,吊
張,张
強,强
彈,弹
彊,强
彌,弥
彎,弯
彙,汇
彫,雕
彿,佛
徑,径
從,从
徠,徕
復,复
徹,彻
恆,恒
恟,汹
恥,耻
悵,怅
悶,闷
悽,凄
惇,敦
惡,恶
惱,恼
惷,蠢
惻,恻
愛,爱
愨,悫
愬,诉
愴,怆
愾,忾
慄,栗
態,态
慍,愠
慘,惨
慚,惭
慟,恸
慣,惯
慫,怂
慮,虑
慳,悭
慶,庆
慾,欲
憂,忧
憊,惫
憐,怜
憑,凭
憚,惮
憤,愤
憫,悯
憮,怃
憲,宪
憶,忆
懃,勤
懇,恳
應,应
懌,怿
懍,懔
懣,懑
懲,惩
懶,懒
懷,怀
懸,悬
懺,忏
懼,惧
懽,欢
懾,慑
戀,恋
戉,钺
戔,戋
戰,战
戲,戏
扞,擀
扠,搋
扱,插
抃,拚
抔,抱
拏,拿
挾,挟
捨,舍
捫,扪
捲,卷
掃,扫
掛,挂
採,采
揀,拣
揚,扬
換,换
揮,挥
搆,构
損,损
搖,摇
搗,捣
搨,搭
搶,抢
搾,榨
摯,挚
摶,抟
撈,捞
撓,挠
撚,捻
撥,拨
撫,抚
撲,扑
撻,挞
擁,拥
擇,择
擔,担
據,据
擠,挤
擣,捣
擬,拟
擯,摈
擱,搁
擲,掷
擴,扩
擺,摆
擾,扰
攜,携
攝,摄
攣,挛
攤,摊
攪,搅
攬,揽
攷,考
敗,败
敘,叙
敵,敌
數,数
斂,敛
斃,毙
斬,斩
斷,断
旛,幡
昇,升
昜,阳
時,时
晉,晋
晝,昼
晢,晰
暈,晕
暉,晖
暢,畅
暫,暂
暸,了
曄,晔
曇,昙
曉,晓
曖,暧
曠,旷
書,书
會,会
朧,胧
朮,术
東,东
枴,拐
柆,拉
柵,栅
桿,杆
梔,栀
條,条
梟,枭
棄,弃
棗,枣
棟,栋
棧,栈
棲,栖
椏,桠
楊,杨
楓,枫
楙,茂
楜,胡
業,业
極,极
榮,荣
榿,桤
槃,盘
構,构
槍,枪
槓,杠
槧,椠
槨,椁
槻,规
樂,乐
樅,枞
樓,楼
標,标
樞,枢
樣,样
樸,朴
樹,树
樺,桦
橈,桡
橋,桥
機,机
橢,椭
橦,幢
檜,桧
檢,检
檣,樯
檳,槟
檸,柠
檻,槛
櫂,棹
櫃,柜
櫓,橹
櫚,榈
櫛,栉
櫞,橼
櫟,栎
櫨,栌
櫪,枥
櫺,棂
櫻,樱
欄,栏
權,权
欒,栾
欖,榄
欸,唉
欽,钦
歎,叹
歐,欧
歛,敛
歟,欤
歡,欢
歸,归
歿,殁
殀,夭
殘,残
殞,殒
殤,殇
殫,殚
殯,殡
殲,歼
殺,杀
殼,壳
毀,毁
毆,殴
毘,毗
毬,球
氈,毡
氣,气
氾,泛
汎,泛
決,决
沍,冱
沒,没
沖,冲
況,况
泝,溯
洟,涕
洩,泄
洶,汹
浹,浃
涼,凉
淒,凄
淨,净
淪,沦
淵,渊
淺,浅
渙,涣
減,减
渦,涡
測,测
渾,浑
湊,凑
湧,涌
湯,汤
準,准
溝,沟
滄,沧
滅,灭
滌,涤
滬,沪
滯,滞
滲,渗
滷,卤
滸,浒
滾,滚
滿,满
漁,渔
漢,汉
漣,涟
漬,渍
漲,涨
漸,渐
漿,浆
潁,颍
潔,洁
潛,潜
潟,泻
潤,润
潯,浔
潰,溃
澀,涩
澂,澄
澆,浇
澗,涧
澣,浣
澤,泽
澱,淀
濁,浊
濃,浓
濕,湿
濘,泞
濛,蒙
濟,济
濤,涛
濫,滥
濬,浚
濱,滨
濺,溅
濾,滤
瀁,漾
瀉,泻
瀋,沈
瀏,浏
瀕,濒
瀘,泸
瀝,沥
瀟,潇
瀦,潴
瀧,泷
瀰,弥
瀲,潋
瀾,澜
灑,洒
灘,滩
灣,湾
災,灾
為,为
烏,乌
烝,蒸
無,无
煉,炼
煖,暖
煙,烟
煢,茕
煥,焕
煩,烦
煬,炀
熱,热
熾,炽
燈,灯
燉,炖
燒,烧
營,营
燦,灿
燬,毁
燭,烛
燻,熏
燼,烬
燿,曜
爍,烁
爐,炉
爛,烂
爭,争
爺,爷
爾,尔
牆,墙
牋,笺
牘,牍
牽,牵
犖,荦
犢,犊
犧,牺
狹,狭
狽,狈
猶,犹
獄,狱
獅,狮
獎,奖
獨,独
獪,狯
獰,狞
獲,获
獵,猎
獸,兽
獺,獭
獻,献
珪,圭
珮,佩
現,现
琺,珐
琿,珲
瑣,琐
瑤,瑶
瑩,莹
瑪,玛
瑯,琅
環,环
璽,玺
瓊,琼
瓏,珑
瓔,璎
甌,瓯
甕,瓮
甦,苏
畝,亩
畢,毕
畫,划
異,异
當,当
疇,畴
疊,叠
痙,痉
痺,痹
痾,疴
瘉,愈
瘋,疯
瘍,疡
瘡,疮
瘧,疟
療,疗
癆,痨
癇,痫
癒,愈
癘,疠
癡,痴
癢,痒
癩,癞
癬,癣
癰,痈
癲,癫
發,发
皚,皑
皰,疱
皸,皲
皺,皱
盃,杯
盜,盗
盞,盏
盡,尽
監,监
盤,盘
盧,卢
盪,荡
眥,眦
瞞,瞒
瞭,了
瞼,睑
矇,蒙
矚,瞩
矯,矫
砲,炮
硯,砚
碕,崎
碩,硕
碪,砧
確,确
碼,码
磚,砖
磧,碛
磯,矶
磽,硗
礎,础
礙,碍
礦,矿
礪,砺
礫,砾
礬,矾
祇,只
祐,佑
祕,秘
祿,禄
禍,祸
禎,祯
禦,御
禪,禅
禮,礼
禰,祢
禿,秃
稈,秆
稜,棱
稟,禀
種,种
稱,称
穀,谷
積,积
穎,颖
穡,穑
穢,秽
穩,稳
穫,获
窩,窝
窪,洼
窮,穷
窯,窑
窶,窭
窺,窥
竄,窜
竅,窍
竇,窦
竊,窃
競,竞
筆,笔
筍,笋
筧,笕
箇,个
箋,笺
箏,筝
節,节
範,范
築,筑
篋,箧
篠,筱
篤,笃
篩,筛
篳,筚
簀,箦
簍,篓
簑,蓑
簡,简
簣,篑
簫,箫
簷,檐
簽,签
簾,帘
籃,篮
籌,筹
籐,藤
籔,薮
籟,籁
籠,笼
籤,签
籥,龠
籬,篱
糞,粪
糧,粮
糲,粝
糴,籴
糶,粜
糾,纠
紀,纪
紂,纣
約,约
紅,红
紆,纡
紋,纹
納,纳
紐,纽
純,纯
紕,纰
紗,纱
紙,纸
級,级
紛,纷
紜,纭
紡,纺
紬,绸
紮,扎
細,细
紲,绁
紳,绅
紹,绍
紺,绀
紿,绐
終,终
絃,弦
組,组
絆,绊
絎,绗
絏,绁
結,结
絖,纩
絛,绦
絞,绞
絡,络
絢,绚
絣,背
給,给
絨,绒
統,统
絲,丝
絳,绛
絹,绢
綏,绥
經,经
綜,综
綢,绸
綣,绻
綬,绶
維,维
綯,裤
綰,绾
綱,纲
網,网
綴,缀
綵,彩
綸,纶
綺,绮
綻,绽
綽,绰
綾,绫
綿,绵
緇,缁
緊,紧
緋,绯
緒,绪
緘,缄
線,线
緝,缉
緞,缎
締,缔
緡,缗
編,编
緩,缓
緬,缅
緯,纬
緲,缈
練,练
緻,致
縉,缙
縊,缢
縋,缒
縛,缚
縞,缟
縟,缛
縣,县
縫,缝
縮,缩
縱,纵
縲,缧
縵,缦
縷,缕
縹,缥
總,总
績,绩
繃,绷
繆,缪
織,织
繕,缮
繖,伞
繙,翻
繚,缭
繞,绕
繩,绳
繪,绘
繭,茧
繰,缲
繹,绎
繼,继
繽,缤
纈,缬
續,续
纏,缠
纓,缨
纔,才
纖,纤
纜,缆
罌,罂
罰,罚
罵,骂
罷,罢
羃,幂
羅,罗
羆,罴
羇,羁
羈,羁
羨,羡
義,义
羶,膻
習,习
翹,翘
耡,锄
聖,圣
聞,闻
聯,联
聰,聪
聲,声
聳,耸
聶,聂
職,职
聹,聍
聽,听
聾,聋
肅,肃
脅,胁
脈,脉
脛,胫
脣,唇
脹,胀
腎,肾
腦,脑
腫,肿
腸,肠
膃,腽
膚,肤
膠,胶
膩,腻
膽,胆
膾,脍
膿,脓
臉,脸
臍,脐
臘,腊
臙,胭
臚,胪
臟,脏
臠,脔
臥,卧
臨,临
臺,台
與,与
興,兴
舉,举
舊,旧
舖,铺
艙,舱
艤,舣
艦,舰
艫,舻
艱,艰
艷,艳
艸,草
芻,刍
苧,苎
苺,莓
茲,兹
荅,答
荊,荆
荳,豆
莊,庄
莖,茎
莢,荚
菫,堇
華,华
菴,庵
菻,麻
萇,苌
萬,万
萵,莴
葉,叶
葦,苇
葯,药
葷,荤
蒔,莳
蒼,苍
蓆,席
蓋,盖
蓮,莲
蓴,莼
蔔,卜
蔦,茑
蔭,荫
蕁,荨
蕎,荞
蕕,莸
蕘,荛
蕩,荡
蕪,芜
蕭,萧
蕷,蓣
薈,荟
薊,蓟
薑,姜
薔,蔷
薙,剃
薦,荐
薩,萨
薺,荠
藍,蓝
藝,艺
藥,药
藪,薮
藷,薯
藹,蔼
藺,蔺
蘆,芦
蘇,苏
蘊,蕴
蘋,苹
蘚,藓
蘢,茏
蘭,兰
蘿,萝
處,处
虜,虏
號,号
虧,亏
蛻,蜕
蜆,蚬
蜑,蛋
蝕,蚀
蝟,猬
蝦,虾
蝨,虱
蝸,蜗
螢,萤
螻,蝼
蟄,蛰
蟯,蛲
蟲,虫
蟶,蛏
蟻,蚁
蠅,蝇
蠍,蝎
蠑,蝾
蠣,蛎
蠱,蛊
蠶,蚕
蠻,蛮
衒,炫
術,术
衛,卫
衝,冲
袞,衮
補,补
裝,装
裡,里
製,制
複,复
褸,褛
褻,亵
襖,袄
襠,裆
襤,褴
襪,袜
襯,衬
襲,袭
襾,西
覈,核
見,见
規,规
覓,觅
視,视
覘,觇
覡,觋
覦,觎
親,亲
覬,觊
覯,觏
覲,觐
覺,觉
覽,览
覿,觌
觀,观
觴,觞
觸,触
訂,订
訃,讣
計,计
訊,讯
訌,讧
討,讨
訐,讦
訓,训
訖,讫
託,托
記,记
訛,讹
訝,讶
訟,讼
訣,诀
訥,讷
訪,访
設,设
許,许
訴,诉
訶,诃
診,诊
註,注
証,证
詁,诂
詆,诋
詐,诈
詒,诒
詔,诏
評,评
詛,诅
詞,词
詠,咏
詢,询
詣,诣
試,试
詩,诗
詫,诧
詬,诟
詭,诡
詮,诠
詰,诘
話,话
該,该
詳,详
詼,诙
誄,诔
誅,诛
誇,夸
誌,志
認,认
誑,诳
誕,诞
誘,诱
誚,诮
語,语
誠,诚
誡,诫
誣,诬
誤,误
誥,诰
誦,诵
誨,诲
誰,谁
課,课
誹,诽
誼,谊
調,调
諂,谄
諄,谆
談,谈
請,请
諍,诤
諏,诹
諒,谅
論,论
諛,谀
諜,谍
諞,谝
諠,喧
諡,谥
諢,诨
諤,谔
諦,谛
諧,谐
諫,谏
諭,谕
諮,谘
諱,讳
諳,谙
諷,讽
諸,诸
諺,谚
諾,诺
謀,谋
謁,谒
謂,谓
謄,誊
謎,谜
謐,谧
謔,谑
謖,谡
謗,谤
謙,谦
謚,谥
講,讲
謝,谢
謠,谣
謨,谟
謫,谪
謬,谬
謳,讴
謹,谨
謾,谩
譁,哗
證,证
譎,谲
譏,讥
譖,谮
識,识
譚,谭
譜,谱
譟,噪
譫,谵
譯,译
議,议
譴,谴
護,护
譽,誉
讀,读
變,变
讌,宴
讎,雠
讒,谗
讓,让
讖,谶
讙,欢
讚,赞
谿,溪
豈,岂
豊,丰
豎,竖
豐,丰
豬,猪
貍,狸
貝,贝
貞,贞
負,负
財,财
貢,贡
貧,贫
貨,货
販,贩
貪,贪
貫,贯
責,责
貯,贮
貰,贳
貲,赀
貳,贰
貴,贵
貶,贬
買,买
貸,贷
費,费
貼,贴
貽,贻
貿,贸
賀,贺
賁,贲
賂,赂
賃,赁
賄,贿
資,资
賈,贾
賊,贼
賑,赈
賓,宾
賚,赉
賜,赐
賞,赏
賠,赔
賢,贤
賣,卖
賤,贱
賦,赋
質,质
賭,赌
賺,赚
賻,赙
購,购
賽,赛
贄,贽
贅,赘
贈,赠
贊,赞
贍,赡
贏,赢
贐,赆
贓,赃
贖,赎
趙,赵
趨,趋
跡,迹
踐,践
踰,逾
踴,踊
蹌,跄
蹕,跸
蹟,迹
蹠,跖
蹣,蹒
蹤,踪
躊,踌
躋,跻
躍,跃
躑,踯
躓,踬
躡,蹑
躪,躏
車,车
軋,轧
軌,轨
軍,军
軒,轩
軛,轭
軟,软
軫,轸
軸,轴
軻,轲
軼,轶
軾,轼
較,较
輅,辂
載,载
輊,轾
輒,辄
輓,挽
輔,辅
輕,轻
輛,辆
輜,辎
輝,辉
輟,辍
輦,辇
輩,辈
輪,轮
輯,辑
輳,辏
輸,输
輻,辐
輾,辗
輿,舆
轂,毂
轄,辖
轅,辕
轆,辘
轉,转
轍,辙
轎,轿
轟,轰
轡,辔
轢,轹
轤,轳
辭,辞
辮,辫
辯,辩
農,农
迴,回
迺,乃
逕,迳
這,这
連,连
週,周
進,进
遊,游
運,运
過,过
達,达
違,违
遙,遥
遜,逊
遞,递
遠,远
適,适
遲,迟
遶,绕
遷,迁
選,选
遺,遗
遼,辽
邁,迈
還,还
邇,迩
邊,边
邏,逻
郤,郄
郵,邮
鄒,邹
鄭,郑
鄰,邻
鄲,郸
酖,鸩
醜,丑
醫,医
釀,酿
釁,衅
釆,采
釋,释
釐,厘
釘,钉
針,针
釣,钓
釦,扣
釧,钏
釵,钗
鈍,钝
鈑,钣
鈔,钞
鈕,钮
鈞,钧
鈴,铃
鈷,钴
鈿,钿
鉅,钜
鉈,铊
鉉,铉
鉋,刨
鉗,钳
鉚,铆
鉛,铅
鉞,钺
鉤,钩
鉦,钲
銀,银
銃,铳
銅,铜
銑,铣
銓,铨
銕,铁
銖,铢
銘,铭
銚,铫
銜,衔
銷,销
鋏,铗
鋒,锋
鋤,锄
鋪,铺
鋸,锯
鋼,钢
錆,锖
錐,锥
錘,锤
錙,锱
錚,铮
錠,锭
錢,钱
錦,锦
錨,锚
錫,锡
錮,锢
錯,错
鍋,锅
鍍,镀
鍔,锷
鍛,锻
鍬,锹
鍵,键
鍼,针
鍾,钟
鎌,镰
鎔,熔
鎖,锁
鎗,枪
鎚,锤
鎧,铠
鎬,镐
鎮,镇
鎰,镒
鏃,镞
鏈,链
鏐,鎏
鏑,镝
鏗,铿
鏘,锵
鏝,镘
鏡,镜
鏤,镂
鏨,錾
鐃,铙
鐐,镣
鐓,镦
鐔,镡
鐘,钟
鐙,镫
鐫,镌
鐵,铁
鐶,锾
鐸,铎
鐺,铛
鑄,铸
鑑,鉴
鑒,鉴
鑠,铄
鑰,钥
鑵,罐
鑷,镊
鑼,锣
鑽,钻
鑾,銮
鑿,凿
钁,镢
長,长
門,门
閂,闩
閃,闪
閉,闭
開,开
閏,闰
閑,闲
間,间
閔,闵
閘,闸
閣,阁
閤,阖
閥,阀
閨,闺
閭,闾
閹,阉
閻,阎
閼,阏
閾,阈
闃,阒
闇,暗
闊,阔
闌,阑
闔,阖
闕,阙
闖,闯
關,关
闡,阐
闢,辟
闥,闼
阨,厄
阯,址
陏,隋
陜,陕
陝,陕
陞,升
陣,阵
陰,阴
陳,陈
陸,陆
陽,阳
隊,队
階,阶
隕,陨
際,际
隨,随
險,险
隱,隐
隴,陇
隸,隶
隻,只
雋,隽
雖,虽
雙,双
雛,雏
雜,杂
離,离
難,难
雰,氛
雲,云
電,电
霑,沾
霧,雾
霽,霁
靂,雳
靄,霭
靈,灵
靜,静
靦,腼
靨,靥
鞏,巩
鞦,秋
韃,鞑
韆,千
韋,韦
韓,韩
韜,韬
韻,韵
響,响
頁,页
頂,顶
頃,顷
項,项
順,顺
須,须
頌,颂
頏,颃
預,预
頑,顽
頒,颁
頓,顿
頗,颇
領,领
頡,颉
頤,颐
頭,头
頷,颔
頸,颈
頻,频
顆,颗
題,题
額,额
顎,颚
顏,颜
願,愿
顛,颠
類,类
顧,顾
顫,颤
顯,显
顰,颦
顱,颅
顳,颞
顴,颧
風,风
颯,飒
颱,台
颶,飓
飄,飘
飆,飙
飛,飞
飢,饥
飩,饨
飫,饫
飭,饬
飯,饭
飲,饮
飴,饴
飼,饲
飽,饱
飾,饰
餃,饺
餅,饼
餉,饷
養,养
餌,饵
餒,馁
餓,饿
餔,哺
餘,余
餞,饯
餡,馅
館,馆
餽,馈
餾,馏
饅,馒
饉,馑
饋,馈
饌,馔
饑,饥
饒,饶
饗,飨
馬,马
馭,驭
馮,冯
馳,驰
馴,驯
駁,驳
駐,驻
駑,驽
駒,驹
駕,驾
駘,骀
駛,驶
駝,驼
駟,驷
駢,骈
駭,骇
駮,驳
駱,骆
駿,骏
騁,骋
騅,骓
騎,骑
騏,骐
騙,骗
騫,骞
騰,腾
騷,骚
騾,骡
驀,蓦
驂,骖
驃,骠
驅,驱
驍,骁
驕,骄
驗,验
驚,惊
驛,驿
驟,骤
驢,驴
驤,骧
驥,骥
驩,欢
驪,骊
髏,髅
體,体
髣,仿
髮,发
鬆,松
鬚,须
鬢,鬓
鬥,斗
鬧,闹
鬨,哄
鬩,阋
鬮,阄
鬱,郁
魎,魉
魘,魇
魚,鱼
魯,鲁
魴,鲂
鮑,鲍
鮒,鲋
鮪,鲔
鮫,鲛
鮭,鲑
鮮,鲜
鯀,鲧
鯉,鲤
鯊,鲨
鯔,鲻
鯖,鲭
鯛,鲷
鯡,鲱
鯢,鲵
鯤,鲲
鯨,鲸
鯰,鲇
鰈,鲽
鰉,鳇
鰍,鳅
鰒,鳆
鰓,鳃
鰥,鳏
鰭,鳍
鰲,鳌
鰹,鲣
鰻,鳗
鰾,鳔
鱈,鳕
鱒,鳟
鱗,鳞
鱠,脍
鱧,鳢
鱸,鲈
鳥,鸟
鳧,凫
鳩,鸠
鳳,凤
鳴,鸣
鳶,鸢
鴆,鸩
鴇,鸨
鴈,雁
鴉,鸦
鴕,鸵
鴛,鸳
鴟,鸱
鴣,鸪
鴦,鸯
鴨,鸭
鴻,鸿
鴿,鸽
鵑,鹃
鵜,鹈
鵝,鹅
鵠,鹄
鵡,鹉
鵬,鹏
鵯,鹎
鵲,鹊
鶇,鸫
鶉,鹑
鶚,鹗
鶩,鹜
鶯,莺
鶴,鹤
鶻,鹘
鷂,鹞
鷓,鹧
鷙,鸷
鷦,鹪
鷯,鹩
鷲,鹫
鷸,鹬
鷹,鹰
鷺,鹭
鸚,鹦
鸛,鹳
鸞,鸾
鹵,卤
鹹,咸
鹽,盐
麗,丽
麥,麦
麩,麸
麼,么
黌,黉
點,点
黨,党
黴,霉
黷,黩
黽,黾
鼇,鳌
鼕,冬
齊,齐
齋,斋
齎,赍
齏,齑
齒,齿
齔,龀
齟,龃
齠,龆
齡,龄
齦,龈
齧,啮
齪,龊
齬,龉
齲,龋
齶,腭
齷,龌
龍,龙
龕,龛
龜,龟
丗,世
両,两
乕,虎
乗,乘
亀,龟
亊,事
亜,亚
亰,京
仏,佛
仭,仞
仮,假
価,价
侫,佞
侭,尽
値,值
倶,俱
倹,俭
偐,赝
偸,偷
働,动
僞,伪
儁,俊
兎,兔
児,儿
兪,俞
円,圆
冐,冒
冦,寇
冨,富
冩,写
凖,准
処,处
凾,函
刄,刃
刋,刊
刔,抉
刧,劫
剣,剑
剤,剂
剰,剩
剱,剑
剳,札
劒,剑
劔,剑
労,劳
劵,券
効,效
勅,敕
勧,劝
勲,勋
匳,奁
卆,卒
単,单
厠,厕
厰,厂
厳,严
収,收
呉,吴
呑,吞
呪,咒
咲,笑
唖,哑
啓,启
喞,唧
喩,喻
喰,餐
営,营
噐,器
嚔,嚏
嚠,浏
嚢,囊
囘,回
団,团
囲,围
図,图
圀,国
圏,圈
圧,压
埀,垂
埓,埒
堺,界
塁,垒
塩,盐
塲,场
増,增
墻,墙
壊,坏
壌,壤
壜,坛
壱,壹
売,卖
壷,壶
壻,婿
変,变
夘,卯
夛,多
夲,本
奨,奖
奬,奖
妬,妒
姉,姊
姙,妊
姫,姬
娚,喃
娯,娱
嫐,喃
嫺,娴
嬢,娘
宍,肉
実,实
寃,冤
寛,宽
寳,宝
対,对
専,专
尅,克
尓,尔
尠,鲜
尭,尧
峩,峨
峯,峰
峺,硬
崕,崖
崘,仑
嵜,崎
嵳,嵯
嶋,岛
嶌,岛
巌,岩
巓,巅
巣,巢
巵,卮
巻,卷
帋,纸
帯,带
帰,归
幇,帮
幤,币
庁,厅
広,广
廃,废
廏,厩
廐,厩
廰,厅
廸,迪
廻,回
廼,乃
弉,奘
弌,搋
弍,二
弐,贰
弾,弹
彜,彝
徃,往
従,从
徳,德
徴,徵
応,应
忰,悴
怱,匆
恊,协
恠,怪
恵,惠
悋,吝
悩,恼
悪,恶
悳,德
愽,博
慂,恿
慙,惭
憇,憩
憙,喜
懐,怀
懴,忏
戝,贼
戞,戛
戦,战
戯,戏
戸,户
戻,戾
払,拂
抜,拔
択,择
拝,拜
拠,据
拡,扩
挙,举
挿,插
捜,搜
掲,揭
掻,搔
揺,摇
摂,摄
撃,击
撹,搅
擡,抬
擧,举
攅,攒
敍,叙
斈,学
斉,齐
斎,斋
昿,旷
晄,晃
晩,晚
暁,晓
暎,映
暦,历
曁,暨
曵,曳
曽,曾
朖,朗
朞,期
朶,朵
枩,松
査,查
柾,柩
栄,荣
栢,柏
桜,樱
桟,栈
梹,槟
梺,麓
棊,棋
椀,碗
検,检
椶,棕
楕,椭
楡,榆
楳,梅
楽,乐
様,样
権,权
欝,郁
歓,欢
歩,步
歯,齿
歳,岁
歴,历
殱,歼
殻,壳
毎,每
気,气
氷,冰
汚,污
沢,泽
浄,净
涙,泪
涜,渎
渇,渴
済,济
渉,涉
渋,涩
渓,溪
渕,渊
満,满
溌,泼
漑,溉
潅,灌
澁,涩
澑,溜
濳,潜
濶,阔
瀬,濑
烱,炯
焔,焰
焼,烧
煕,熙
熈,熙
燗,烂
爲,为
爼,俎
牀,床
犂,犁
犇,奔
犠,牺
犲,豺
狢,貉
猟,猎
獣,兽
珎,珍
瑠,琉
璢,琉
甎,砖
甞,尝
産,产
畄,留
畆,亩
畊,耕
畍,界
畧,略
畭,畲
畳,叠
疉,叠
疎,疏
痩,瘦
瘻,瘘
癨,霍
発,发
皃,貌
皐,皋
皷,鼓
県,县
眞,真
瞹,暧
砕,碎
砿,矿
碁,棋
碯,瑙
磆,滑
稲,稻
稾,稿
穂,穗
穉,稚
穏,稳
穐,秋
穣,穰
穽,阱
窓,窗
窰,窑
竃,灶
竈,灶
竒,奇
竚,伫
竜,龙
竝,并
竢,俟
竪,竖
竸,竞
笶,矢
筺,筐
箒,帚
篭,笼
簒,篡
籖,签
粃,秕
粋,粹
粛,肃
粧,妆
粫,糯
糺,纠
絋,纩
経,经
絵,绘
絶,绝
綉,绣
継,继
続,续
綫,线
総,总
緑,绿
緜,绵
緤,绁
縁,缘
縄,绳
縦,纵
繊,纤
繋,系
繍,绣
繦,襁
繿,褴
纉,缵
纎,纤
纒,缠
罸,罚
羣,群
羮,羹
翆,翠
聟,婿
聡,聪
聨,联
聴,听
肬,疣
脇,胁
脳,脑
腟,膣
膓,肠
膸,髓
臈,腊
臓,脏
舎,舍
舗,铺
舘,馆
舩,船
舮,橹
艢,樯
艪,橹
艶,艳
苅,刈
茘,荔
荘,庄
莵,菟
菓,果
菷,帚
萠,萌
葢,盖
蒭,刍
蔵,藏
蕋,蕊
蕚,萼
薫,薰
薬,药
蘂,蕊
蘓,苏
蘯,荡
蛍,萤
蝋,蜡
蝿,蝇
蟇,蟆
蠎,蟒
蠏,蟹
蠧,蠹
衂,衄
衆,众
衞,卫
袴,裤
袵,衽
裏,里
襃,褒
襍,杂
覇,霸
覊,羁
覚,觉
覧,览
覩,睹
観,观
觧,解
訳,译
説,说
読,读
諌,谏
謌,歌
謡,谣
譌,讹
譱,善
譲,让
讃,赞
讐,仇
貭,质
貮,二
賍,赃
賛,赞
贋,赝
赱,走
躰,体
躱,躲
軆,体
転,转
軣,轰
軽,轻
輌,辆
輙,辄
辧,辨
辺,边
迯,逃
逓,递
逹,达
遅,迟
遡,溯
邉,边
邨,村
郷,乡
酔,醉
醤,酱
醸,酿
釈,释
釖,剑
釡,釜
釼,剑
鈎,钩
鈬,铎
鉄,铁
鉢,钵
鉱,矿
銭,钱
銹,锈
鋭,锐
鋳,铸
錬,炼
録,录
鎭,镇
鏥,锈
鐡,铁
鑚,钻
鑛,矿
閇,闭
閙,闹
関,关
閧,哄
閲,阅
闘,斗
陥,陷
険,险
隠,隐
隣,邻
隲,骘
隷,隶
雑,杂
霊,灵
靭,韧
靱,韧
韈,袜
韮,韭
韲,齑
頚,颈
頬,颊
頴,颖
頼,赖
頽,颓
顋,腮
顔,颜
顕,显
飃,飘
飜,翻
飮,饮
餝,饰
餠,饼
駄,驮
駅,驿
駆,驱
駈,驱
騒,骚
験,验
髄,髓
髪,发
髴,佛
鬪,斗
鮎,鲇
鰌,鳅
鰐,鳄
鰕,虾
鳫,雁
鳬,凫
鴎,鸥
鴬,莺
鵞,鹅
鶏,鸡
鷄,鸡
鹸,硷
麁,粗
麕,麇
麪,面
麹,麴
麺,面
黒,黑
黙,默
鼈,鳖
鼡,鼠
齢,龄
龝,秋
呎,尺
堽,岗
嵒,岩
廱,痈
慇,殷
擽,揽
晞,曦
暘,阳
浬,里
燐,磷
牴,抵
痲,麻
痳,麻
笵,范
簔,蓑
籘,藤
糢,馍
脩,修
蔆,菱
蔕,蒂
薀,蕴
蘗,蘖
蟷,螳
跼,局
轣,轹
霤,溜
齣,出
夊,攵
彑,彐
癧,疬
鮃,鲆
冴,冱
噛,啮
愼,慎
扨,叉
枦,栌
槞,栊
檪,栎
欅,榉
滝,泷
獏,貘
珱,璎
甼,町
疂,叠
皹,皲
箆,篦
篏,嵌
籏,旗
薗,园
譛,谮
豼,貔
貎,猊
賎,贱
躙,躏
逎,遒
閠,闰
靤,疱
鵄,鸱
鶫,鸫
